{
  "version": "1.4.0",
  "plugins_used": [
    {
      "name": "ArtifactoryDetector"
    },
    {
      "name": "AWSKeyDetector"
    },
    {
      "name": "AzureStorageKeyDetector"
    },
    {
      "name": "Base64HighEntropyString",
      "limit": 4.5
    },
    {
      "name": "BasicAuthDetector"
    },
    {
      "name": "CloudantDetector"
    },
    {
      "name": "DiscordBotTokenDetector"
    },
    {
      "name": "GitHubTokenDetector"
    },
    {
      "name": "HexHighEntropyString",
      "limit": 3.0
    },
    {
      "name": "IbmCloudIamDetector"
    },
    {
      "name": "IbmCosHmacDetector"
    },
    {
      "name": "JwtTokenDetector"
    },
    {
      "name": "KeywordDetector",
      "keyword_exclude": ""
    },
    {
      "name": "MailchimpDetector"
    },
    {
      "name": "NpmDetector"
    },
    {
      "name": "PrivateKeyDetector"
    },
    {
      "name": "SendGridDetector"
    },
    {
      "name": "SlackDetector"
    },
    {
      "name": "SoftlayerDetector"
    },
    {
      "name": "SquareOAuthDetector"
    },
    {
      "name": "StripeDetector"
    },
    {
      "name": "TwilioKeyDetector"
    }
  ],
  "filters_used": [
    {
      "path": "detect_secrets.filters.allowlist.is_line_allowlisted"
    },
    {
      "path": "detect_secrets.filters.common.is_ignored_due_to_verification_policies",
      "min_level": 2
    },
    {
      "path": "detect_secrets.filters.heuristic.is_indirect_reference"
    },
    {
      "path": "detect_secrets.filters.heuristic.is_likely_id_string"
    },
    {
      "path": "detect_secrets.filters.heuristic.is_lock_file"
    },
    {
      "path": "detect_secrets.filters.heuristic.is_not_alphanumeric_string"
    },
    {
      "path": "detect_secrets.filters.heuristic.is_potential_uuid"
    },
    {
      "path": "detect_secrets.filters.heuristic.is_prefixed_with_dollar_sign"
    },
    {
      "path": "detect_secrets.filters.heuristic.is_sequential_string"
    },
    {
      "path": "detect_secrets.filters.heuristic.is_swagger_file"
    },
    {
      "path": "detect_secrets.filters.heuristic.is_templated_secret"
    }
  ],
  "results": {
    ".github/workflows/secret-scan.yml": [
      {
        "type": "Secret Keyword",
        "filename": ".github/workflows/secret-scan.yml",
        "hashed_secret": "801105a13bcc0c28e572d1366ae15107aa62e3e2",
        "is_verified": false,
        "line_number": 28
      }
    ],
    "docs/ONBOARDING.md": [
      {
        "type": "Secret Keyword",
        "filename": "docs/ONBOARDING.md",
        "hashed_secret": "bab1733b4375436f770a46f8b594af1787debd77",
        "is_verified": false,
        "line_number": 59
      },
      {
        "type": "Secret Keyword",
        "filename": "docs/ONBOARDING.md",
        "hashed_secret": "d9fa24ed72c7275600cc68aa1e86662f9d7f80a0",
        "is_verified": false,
        "line_number": 60
      },
      {
        "type": "Secret Keyword",
        "filename": "docs/ONBOARDING.md",
        "hashed_secret": "29ac1ac5447df8a721cb8c2836c75fa047b10216",
        "is_verified": false,
        "line_number": 313
      }
    ],
    "config/secrets.example.json": [
      {
        "type": "Secret Keyword",
        "filename": "config/secrets.example.json",
        "hashed_secret": "6e886da75a1a4228036843e008ec9a1d44c3416b",
        "is_verified": false,
        "line_number": 8
      }
    ],
    "signal_engine.env": [
      {
        "type": "Secret Keyword",
        "filename": "signal_engine.env",
        "hashed_secret": "a2dda37f7cb8dfeddccd006a613a4151b0db75d4",
        "is_verified": false,
        "line_number": 18
      },
      {
        "type": "Secret Keyword",
        "filename": "signal_engine.env",
        "hashed_secret": "40424ffd606005d4ef0587ad3213ab642b9b03e6",
        "is_verified": false,
        "line_number": 23
      },
      {
        "type": "Base64 High Entropy String",
        "filename": "signal_engine.env",
        "hashed_secret": "a3d0176bfacb1c843932e0c2c493e1308c9d756f",
        "is_verified": false,
        "line_number": 24
      },
      {
        "type": "Secret Keyword",
        "filename": "signal_engine.env",
        "hashed_secret": "a3d0176bfacb1c843932e0c2c493e1308c9d756f",
        "is_verified": false,
        "line_number": 24
      }
    ]
  },
  "generated_at": "2026-05-22T09:07:10Z"
}
