{
  "version": "1.4.0",
  "plugins_used": [
    {
      "name": "ArtifactoryDetector"
    },
    {
      "name": "AWSKeyDetector"
    },
    {
      "name": "AzureStorageKeyDetector"
    },
    {
      "name": "Base64HighEntropyString",
      "limit": 4.5
    },
    {
      "name": "BasicAuthDetector"
    },
    {
      "name": "CloudantDetector"
    },
    {
      "name": "DiscordBotTokenDetector"
    },
    {
      "name": "GitHubTokenDetector"
    },
    {
      "name": "HexHighEntropyString",
      "limit": 3.0
    },
    {
      "name": "IbmCloudIamDetector"
    },
    {
      "name": "IbmCosHmacDetector"
    },
    {
      "name": "JwtTokenDetector"
    },
    {
      "name": "KeywordDetector",
      "keyword_exclude": ""
    },
    {
      "name": "MailchimpDetector"
    },
    {
      "name": "NpmDetector"
    },
    {
      "name": "PrivateKeyDetector"
    },
    {
      "name": "SendGridDetector"
    },
    {
      "name": "SlackDetector"
    },
    {
      "name": "SoftlayerDetector"
    },
    {
      "name": "SquareOAuthDetector"
    },
    {
      "name": "StripeDetector"
    },
    {
      "name": "TwilioKeyDetector"
    }
  ],
  "filters_used": [
    {
      "path": "detect_secrets.filters.allowlist.is_line_allowlisted"
    },
    {
      "path": "detect_secrets.filters.common.is_baseline_file",
      "filename": ".secrets.baseline"
    },
    {
      "path": "detect_secrets.filters.common.is_ignored_due_to_verification_policies",
      "min_level": 2
    },
    {
      "path": "detect_secrets.filters.heuristic.is_indirect_reference"
    },
    {
      "path": "detect_secrets.filters.heuristic.is_likely_id_string"
    },
    {
      "path": "detect_secrets.filters.heuristic.is_lock_file"
    },
    {
      "path": "detect_secrets.filters.heuristic.is_not_alphanumeric_string"
    },
    {
      "path": "detect_secrets.filters.heuristic.is_potential_uuid"
    },
    {
      "path": "detect_secrets.filters.heuristic.is_prefixed_with_dollar_sign"
    },
    {
      "path": "detect_secrets.filters.heuristic.is_sequential_string"
    },
    {
      "path": "detect_secrets.filters.heuristic.is_swagger_file"
    },
    {
      "path": "detect_secrets.filters.heuristic.is_templated_secret"
    }
  ],
  "results": {
    "config/bot_config.json": [
      {
        "type": "Base64 High Entropy String",
        "filename": "config/bot_config.json",
        "hashed_secret": "8bdb7ee044436806bfb4f94ddf7a3df233a2e49d",
        "is_verified": false,
        "line_number": 153
      }
    ],
    "config/secrets.example.json": [
      {
        "type": "Secret Keyword",
        "filename": "config/secrets.example.json",
        "hashed_secret": "6e886da75a1a4228036843e008ec9a1d44c3416b",
        "is_verified": false,
        "line_number": 8
      }
    ],
    "desk_core.py": [
      {
        "type": "Secret Keyword",
        "filename": "desk_core.py",
        "hashed_secret": "6055a94983d9abfbb703e0bf791764eeb121d295",
        "is_verified": false,
        "line_number": 36
      },
      {
        "type": "Secret Keyword",
        "filename": "desk_core.py",
        "hashed_secret": "25e22371a5ad37441495fa94a08be92d22d919c7",
        "is_verified": false,
        "line_number": 37
      }
    ],
    "docs/ONBOARDING.md": [
      {
        "type": "Secret Keyword",
        "filename": "docs/ONBOARDING.md",
        "hashed_secret": "bab1733b4375436f770a46f8b594af1787debd77",
        "is_verified": false,
        "line_number": 86
      },
      {
        "type": "Secret Keyword",
        "filename": "docs/ONBOARDING.md",
        "hashed_secret": "d9fa24ed72c7275600cc68aa1e86662f9d7f80a0",
        "is_verified": false,
        "line_number": 87
      },
      {
        "type": "Secret Keyword",
        "filename": "docs/ONBOARDING.md",
        "hashed_secret": "6e886da75a1a4228036843e008ec9a1d44c3416b",
        "is_verified": false,
        "line_number": 92
      },
      {
        "type": "Secret Keyword",
        "filename": "docs/ONBOARDING.md",
        "hashed_secret": "099696c60e7eb64daa7873b1e933b6a56cc85f34",
        "is_verified": false,
        "line_number": 187
      }
    ],
    "tests/test_alpaca_bridge.py": [
      {
        "type": "Secret Keyword",
        "filename": "tests/test_alpaca_bridge.py",
        "hashed_secret": "f51328b3ce3297b89c32a2369c5e009f31b2191b",
        "is_verified": false,
        "line_number": 119
      }
    ],
    "tests/test_auth.py": [
      {
        "type": "Secret Keyword",
        "filename": "tests/test_auth.py",
        "hashed_secret": "e8574ec3745e2c605be8dfeb1d8db3024371b634",
        "is_verified": false,
        "line_number": 136
      },
      {
        "type": "Secret Keyword",
        "filename": "tests/test_auth.py",
        "hashed_secret": "29a293978360b884bf8e56422fe466a3d2ea6b30",
        "is_verified": false,
        "line_number": 285
      },
      {
        "type": "Secret Keyword",
        "filename": "tests/test_auth.py",
        "hashed_secret": "55b3f20b5f357c9636868710ae0e3e4f1a7d98f1",
        "is_verified": false,
        "line_number": 354
      },
      {
        "type": "Secret Keyword",
        "filename": "tests/test_auth.py",
        "hashed_secret": "8ae3de7879dcdb5ab68f8d5acffd53c0aefa4f2f",
        "is_verified": false,
        "line_number": 436
      },
      {
        "type": "Secret Keyword",
        "filename": "tests/test_auth.py",
        "hashed_secret": "a4b48a81cdab1e1a5dd37907d6c85ca1c61ddc7c",
        "is_verified": false,
        "line_number": 483
      },
      {
        "type": "Secret Keyword",
        "filename": "tests/test_auth.py",
        "hashed_secret": "bdef278b35fd7cfe2fb71aa0b0f1d0738e43c609",
        "is_verified": false,
        "line_number": 495
      }
    ],
    "tests/test_config.py": [
      {
        "type": "Secret Keyword",
        "filename": "tests/test_config.py",
        "hashed_secret": "2e07956ffc9bc4fd624064c40b7495c85d5f1467",
        "is_verified": false,
        "line_number": 40
      },
      {
        "type": "Secret Keyword",
        "filename": "tests/test_config.py",
        "hashed_secret": "a0a9e79bd25fbd3962b46cfcf17ecb706b7f965f",
        "is_verified": false,
        "line_number": 41
      },
      {
        "type": "Secret Keyword",
        "filename": "tests/test_config.py",
        "hashed_secret": "a24ef9c1a27cac44823571ceef2e8262718eee36",
        "is_verified": false,
        "line_number": 47
      },
      {
        "type": "Secret Keyword",
        "filename": "tests/test_config.py",
        "hashed_secret": "0c97d2ea2289e59db577fcbed527edcf8fbac406",
        "is_verified": false,
        "line_number": 55
      }
    ],
    "tests/test_desk_auth.py": [
      {
        "type": "Secret Keyword",
        "filename": "tests/test_desk_auth.py",
        "hashed_secret": "bb68ebf24e833e8b5d85ee3a60e4faaea8efcc66",
        "is_verified": false,
        "line_number": 94
      },
      {
        "type": "Secret Keyword",
        "filename": "tests/test_desk_auth.py",
        "hashed_secret": "fef341f85d87439e7d91a2d465b9871ef66b5e98",
        "is_verified": false,
        "line_number": 421
      },
      {
        "type": "Secret Keyword",
        "filename": "tests/test_desk_auth.py",
        "hashed_secret": "338f3edd76531b499a76b321404a4b73f3ff435e",
        "is_verified": false,
        "line_number": 436
      },
      {
        "type": "Secret Keyword",
        "filename": "tests/test_desk_auth.py",
        "hashed_secret": "e493f561d90c6638c1f51c5a8a069c3b129b79ed",
        "is_verified": false,
        "line_number": 440
      },
      {
        "type": "Secret Keyword",
        "filename": "tests/test_desk_auth.py",
        "hashed_secret": "c7d8a6d722a1ec9a16fae165177c418d4fd63175",
        "is_verified": false,
        "line_number": 446
      }
    ],
    "tests/test_desk_core_credentials.py": [
      {
        "type": "Secret Keyword",
        "filename": "tests/test_desk_core_credentials.py",
        "hashed_secret": "8885847b1528684b441c10bfa05793dd0df44d84",
        "is_verified": false,
        "line_number": 27
      },
      {
        "type": "Secret Keyword",
        "filename": "tests/test_desk_core_credentials.py",
        "hashed_secret": "bf1b62b7acaec5eb955b0958471303b4bafcd582",
        "is_verified": false,
        "line_number": 28
      },
      {
        "type": "Secret Keyword",
        "filename": "tests/test_desk_core_credentials.py",
        "hashed_secret": "3400214e457b1b31cb544c7146eeb96a30f3d38d",
        "is_verified": false,
        "line_number": 49
      },
      {
        "type": "Secret Keyword",
        "filename": "tests/test_desk_core_credentials.py",
        "hashed_secret": "551d6d0b9560168e9285cff26d3728ebec865c2c",
        "is_verified": false,
        "line_number": 66
      },
      {
        "type": "Secret Keyword",
        "filename": "tests/test_desk_core_credentials.py",
        "hashed_secret": "9fc564d77281261bf6ac210598da97e6608e47c2",
        "is_verified": false,
        "line_number": 87
      },
      {
        "type": "Secret Keyword",
        "filename": "tests/test_desk_core_credentials.py",
        "hashed_secret": "c45182ea11447de56072a908d1d8b802722a7a3a",
        "is_verified": false,
        "line_number": 108
      }
    ]
  },
  "generated_at": "2026-08-22T11:35:14Z"
}
